data_test/ENSTDkAm2/MUS/MAPS_MUS-waldstein_1_ENSTDkAm.wav
data_test/ENSTDkAm2/MUS/MAPS_MUS-scn16_4_ENSTDkAm.wav
data_test/ENSTDkAm2/MUS/MAPS_MUS-pathetique_3_ENSTDkAm.wav
data_test/ENSTDkAm2/MUS/MAPS_MUS-chpn_op7_1_ENSTDkAm.wav
data_test/ENSTDkAm2/MUS/MAPS_MUS-chpn_op35_1_ENSTDkAm.wav
data_test/ENSTDkAm2/MUS/MAPS_MUS-chpn-p4_ENSTDkAm.wav
data_test/ENSTDkAm2/MUS/MAPS_MUS-muss_1_ENSTDkAm.wav
data_test/ENSTDkAm2/MUS/MAPS_MUS-ty_november_ENSTDkAm.wav
data_test/ENSTDkAm2/MUS/MAPS_MUS-pathetique_2_ENSTDkAm.wav
data_test/ENSTDkAm2/MUS/MAPS_MUS-scn15_9_ENSTDkAm.wav
data_test/ENSTDkAm2/MUS/MAPS_MUS-bk_xmas1_ENSTDkAm.wav
data_test/ENSTDkAm2/MUS/MAPS_MUS-chpn-p14_ENSTDkAm.wav
data_test/ENSTDkAm2/MUS/MAPS_MUS-chpn-p15_ENSTDkAm.wav
data_test/ENSTDkAm2/MUS/MAPS_MUS-chpn_op66_ENSTDkAm.wav
data_test/ENSTDkAm2/MUS/MAPS_MUS-liz_rhap09_ENSTDkAm.wav
data_test/ENSTDkAm2/MUS/MAPS_MUS-chpn_op33_2_ENSTDkAm.wav
data_test/ENSTDkAm2/MUS/MAPS_MUS-chpn_op25_e4_ENSTDkAm.wav
data_test/ENSTDkAm2/MUS/MAPS_MUS-chpn_op25_e3_ENSTDkAm.wav
data_test/ENSTDkAm2/MUS/MAPS_MUS-grieg_butterfly_ENSTDkAm.wav
data_test/ENSTDkAm2/MUS/MAPS_MUS-mendel_op62_5_ENSTDkAm.wav
data_test/ENSTDkAm2/MUS/MAPS_MUS-scn15_6_ENSTDkAm.wav
data_test/ENSTDkAm2/MUS/MAPS_MUS-liz_rhap02_ENSTDkAm.wav
data_test/ENSTDkAm2/MUS/MAPS_MUS-grieg_kobold_ENSTDkAm.wav
data_test/ENSTDkAm2/MUS/MAPS_MUS-schumm-1_ENSTDkAm.wav